../Core/Src/ili9163.c:10:6:ILI9163_writeCommand	16	static
../Core/Src/ili9163.c:19:6:ILI9163_writeData	16	static
../Core/Src/ili9163.c:28:6:ILI9163_writeData16	24	static
../Core/Src/ili9163.c:38:6:ILI9163_setAddress	24	static
../Core/Src/ili9163.c:50:6:ILI9163_reset	8	static
../Core/Src/ili9163.c:59:6:ILI9163_init	16	static
../Core/Src/ili9163.c:166:6:ILI9163_newFrame	16	static
../Core/Src/ili9163.c:173:6:ILI9163_render	8	static
../Core/Src/ili9163.c:185:6:ILI9163_drawPixel	16	static
../Core/Src/ili9163.c:190:6:ILI9163_fillRect	32	static
../Core/Src/ili9163.c:197:6:ILI9163_drawRect	32	static
../Core/Src/ili9163.c:205:6:ILI9163_drawLine	40	static
../Core/Src/ili9163.c:253:6:ILI9163_fillCircle	32	static
../Core/Src/ili9163.c:260:6:ILI9163_drawCircle	40	static
../Core/Src/ili9163.c:294:6:ILI9163_fillDisplay	24	static
../Core/Src/ili9163.c:298:6:ILI9163_drawChar	24	static
../Core/Src/ili9163.c:310:6:ILI9163_drawString	40	static
../Core/Src/ili9163.c:332:6:ILI9163_drawStringF	112	static
